Archive member included to satisfy reference by file (symbol)

c:/st/stm32cubeide_1.12.1/stm32cubeide/plugins/com.st.stm32cube.ide.mcu.externaltools.gnu-tools-for-stm32.10.3-2021.10.win32_1.0.200.202301161003/tools/bin/../lib/gcc/arm-none-eabi/10.3.1/../../../../arm-none-eabi/lib/thumb/v7e-m+fp/hard\libc_nano.a(lib_a-errno.o)
                              ./Core/Src/syscalls.o (__errno)
c:/st/stm32cubeide_1.12.1/stm32cubeide/plugins/com.st.stm32cube.ide.mcu.externaltools.gnu-tools-for-stm32.10.3-2021.10.win32_1.0.200.202301161003/tools/bin/../lib/gcc/arm-none-eabi/10.3.1/../../../../arm-none-eabi/lib/thumb/v7e-m+fp/hard\libc_nano.a(lib_a-exit.o)
                              c:/st/stm32cubeide_1.12.1/stm32cubeide/plugins/com.st.stm32cube.ide.mcu.externaltools.gnu-tools-for-stm32.10.3-2021.10.win32_1.0.200.202301161003/tools/bin/../lib/gcc/arm-none-eabi/10.3.1/../../../../arm-none-eabi/lib/thumb/v7e-m+fp/hard/crt0.o (exit)
c:/st/stm32cubeide_1.12.1/stm32cubeide/plugins/com.st.stm32cube.ide.mcu.externaltools.gnu-tools-for-stm32.10.3-2021.10.win32_1.0.200.202301161003/tools/bin/../lib/gcc/arm-none-eabi/10.3.1/../../../../arm-none-eabi/lib/thumb/v7e-m+fp/hard\libc_nano.a(lib_a-impure.o)
                              c:/st/stm32cubeide_1.12.1/stm32cubeide/plugins/com.st.stm32cube.ide.mcu.externaltools.gnu-tools-for-stm32.10.3-2021.10.win32_1.0.200.202301161003/tools/bin/../lib/gcc/arm-none-eabi/10.3.1/../../../../arm-none-eabi/lib/thumb/v7e-m+fp/hard\libc_nano.a(lib_a-exit.o) (_global_impure_ptr)
c:/st/stm32cubeide_1.12.1/stm32cubeide/plugins/com.st.stm32cube.ide.mcu.externaltools.gnu-tools-for-stm32.10.3-2021.10.win32_1.0.200.202301161003/tools/bin/../lib/gcc/arm-none-eabi/10.3.1/../../../../arm-none-eabi/lib/thumb/v7e-m+fp/hard\libc_nano.a(lib_a-init.o)
                              c:/st/stm32cubeide_1.12.1/stm32cubeide/plugins/com.st.stm32cube.ide.mcu.externaltools.gnu-tools-for-stm32.10.3-2021.10.win32_1.0.200.202301161003/tools/bin/../lib/gcc/arm-none-eabi/10.3.1/../../../../arm-none-eabi/lib/thumb/v7e-m+fp/hard/crt0.o (__libc_init_array)
c:/st/stm32cubeide_1.12.1/stm32cubeide/plugins/com.st.stm32cube.ide.mcu.externaltools.gnu-tools-for-stm32.10.3-2021.10.win32_1.0.200.202301161003/tools/bin/../lib/gcc/arm-none-eabi/10.3.1/../../../../arm-none-eabi/lib/thumb/v7e-m+fp/hard\libc_nano.a(lib_a-memset.o)
                              c:/st/stm32cubeide_1.12.1/stm32cubeide/plugins/com.st.stm32cube.ide.mcu.externaltools.gnu-tools-for-stm32.10.3-2021.10.win32_1.0.200.202301161003/tools/bin/../lib/gcc/arm-none-eabi/10.3.1/../../../../arm-none-eabi/lib/thumb/v7e-m+fp/hard/crt0.o (memset)

Discarded input sections

 .text          0x0000000000000000        0x0 c:/st/stm32cubeide_1.12.1/stm32cubeide/plugins/com.st.stm32cube.ide.mcu.externaltools.gnu-tools-for-stm32.10.3-2021.10.win32_1.0.200.202301161003/tools/bin/../lib/gcc/arm-none-eabi/10.3.1/thumb/v7e-m+fp/hard/crti.o
 .data          0x0000000000000000        0x0 c:/st/stm32cubeide_1.12.1/stm32cubeide/plugins/com.st.stm32cube.ide.mcu.externaltools.gnu-tools-for-stm32.10.3-2021.10.win32_1.0.200.202301161003/tools/bin/../lib/gcc/arm-none-eabi/10.3.1/thumb/v7e-m+fp/hard/crti.o
 .bss           0x0000000000000000        0x0 c:/st/stm32cubeide_1.12.1/stm32cubeide/plugins/com.st.stm32cube.ide.mcu.externaltools.gnu-tools-for-stm32.10.3-2021.10.win32_1.0.200.202301161003/tools/bin/../lib/gcc/arm-none-eabi/10.3.1/thumb/v7e-m+fp/hard/crti.o
 .data          0x0000000000000000        0x4 c:/st/stm32cubeide_1.12.1/stm32cubeide/plugins/com.st.stm32cube.ide.mcu.externaltools.gnu-tools-for-stm32.10.3-2021.10.win32_1.0.200.202301161003/tools/bin/../lib/gcc/arm-none-eabi/10.3.1/thumb/v7e-m+fp/hard/crtbegin.o
 .rodata        0x0000000000000000       0x24 c:/st/stm32cubeide_1.12.1/stm32cubeide/plugins/com.st.stm32cube.ide.mcu.externaltools.gnu-tools-for-stm32.10.3-2021.10.win32_1.0.200.202301161003/tools/bin/../lib/gcc/arm-none-eabi/10.3.1/thumb/v7e-m+fp/hard/crtbegin.o
 .text          0x0000000000000000       0x7c c:/st/stm32cubeide_1.12.1/stm32cubeide/plugins/com.st.stm32cube.ide.mcu.externaltools.gnu-tools-for-stm32.10.3-2021.10.win32_1.0.200.202301161003/tools/bin/../lib/gcc/arm-none-eabi/10.3.1/../../../../arm-none-eabi/lib/thumb/v7e-m+fp/hard/crt0.o
 .data          0x0000000000000000        0x0 c:/st/stm32cubeide_1.12.1/stm32cubeide/plugins/com.st.stm32cube.ide.mcu.externaltools.gnu-tools-for-stm32.10.3-2021.10.win32_1.0.200.202301161003/tools/bin/../lib/gcc/arm-none-eabi/10.3.1/../../../../arm-none-eabi/lib/thumb/v7e-m+fp/hard/crt0.o
 .bss           0x0000000000000000        0x0 c:/st/stm32cubeide_1.12.1/stm32cubeide/plugins/com.st.stm32cube.ide.mcu.externaltools.gnu-tools-for-stm32.10.3-2021.10.win32_1.0.200.202301161003/tools/bin/../lib/gcc/arm-none-eabi/10.3.1/../../../../arm-none-eabi/lib/thumb/v7e-m+fp/hard/crt0.o
[...]
Memory Configuration

Name             Origin             Length             Attributes
RAM              0x0000000020000000 0x0000000000010000 xrw
RAM2             0x0000000010000000 0x0000000000004000 xrw
FLASH            0x0000000008000000 0x0000000000040000 xr
*default*        0x0000000000000000 0xffffffffffffffff

Linker script and memory map

LOAD c:/st/stm32cubeide_1.12.1/stm32cubeide/plugins/com.st.stm32cube.ide.mcu.externaltools.gnu-tools-for-stm32.10.3-2021.10.win32_1.0.200.202301161003/tools/bin/../lib/gcc/arm-none-eabi/10.3.1/thumb/v7e-m+fp/hard/crti.o
LOAD c:/st/stm32cubeide_1.12.1/stm32cubeide/plugins/com.st.stm32cube.ide.mcu.externaltools.gnu-tools-for-stm32.10.3-2021.10.win32_1.0.200.202301161003/tools/bin/../lib/gcc/arm-none-eabi/10.3.1/thumb/v7e-m+fp/hard/crtbegin.o
LOAD c:/st/stm32cubeide_1.12.1/stm32cubeide/plugins/com.st.stm32cube.ide.mcu.externaltools.gnu-tools-for-stm32.10.3-2021.10.win32_1.0.200.202301161003/tools/bin/../lib/gcc/arm-none-eabi/10.3.1/../../../../arm-none-eabi/lib/thumb/v7e-m+fp/hard/crt0.o
LOAD ./Core/Src/func.o
LOAD ./Core/Src/main.o
LOAD ./Core/Src/stm32l4xx_hal_msp.o
LOAD ./Core/Src/stm32l4xx_it.o
LOAD ./Core/Src/syscalls.o
LOAD ./Core/Src/sysmem.o
LOAD ./Core/Src/system_stm32l4xx.o
LOAD ./Core/Startup/startup_stm32l432kcux.o
LOAD ./Drivers/STM32L4xx_HAL_Driver/Src/stm32l4xx_hal.o
LOAD ./Drivers/STM32L4xx_HAL_Driver/Src/stm32l4xx_hal_cortex.o
LOAD ./Drivers/STM32L4xx_HAL_Driver/Src/stm32l4xx_hal_dac.o
LOAD ./Drivers/STM32L4xx_HAL_Driver/Src/stm32l4xx_hal_dac_ex.o
LOAD ./Drivers/STM32L4xx_HAL_Driver/Src/stm32l4xx_hal_dma.o
LOAD ./Drivers/STM32L4xx_HAL_Driver/Src/stm32l4xx_hal_dma_ex.o
LOAD ./Drivers/STM32L4xx_HAL_Driver/Src/stm32l4xx_hal_exti.o
LOAD ./Drivers/STM32L4xx_HAL_Driver/Src/stm32l4xx_hal_flash.o
LOAD ./Drivers/STM32L4xx_HAL_Driver/Src/stm32l4xx_hal_flash_ex.o
LOAD ./Drivers/STM32L4xx_HAL_Driver/Src/stm32l4xx_hal_flash_ramfunc.o
LOAD ./Drivers/STM32L4xx_HAL_Driver/Src/stm32l4xx_hal_gpio.o
LOAD ./Drivers/STM32L4xx_HAL_Driver/Src/stm32l4xx_hal_pwr.o
LOAD ./Drivers/STM32L4xx_HAL_Driver/Src/stm32l4xx_hal_pwr_ex.o
LOAD ./Drivers/STM32L4xx_HAL_Driver/Src/stm32l4xx_hal_rcc.o
LOAD ./Drivers/STM32L4xx_HAL_Driver/Src/stm32l4xx_hal_rcc_ex.o
LOAD ./Drivers/STM32L4xx_HAL_Driver/Src/stm32l4xx_hal_tim.o
LOAD ./Drivers/STM32L4xx_HAL_Driver/Src/stm32l4xx_hal_tim_ex.o
START GROUP
LOAD c:/st/stm32cubeide_1.12.1/stm32cubeide/plugins/com.st.stm32cube.ide.mcu.externaltools.gnu-tools-for-stm32.10.3-2021.10.win32_1.0.200.202301161003/tools/bin/../lib/gcc/arm-none-eabi/10.3.1/../../../../arm-none-eabi/lib/thumb/v7e-m+fp/hard\libstdc++_nano.a
LOAD c:/st/stm32cubeide_1.12.1/stm32cubeide/plugins/com.st.stm32cube.ide.mcu.externaltools.gnu-tools-for-stm32.10.3-2021.10.win32_1.0.200.202301161003/tools/bin/../lib/gcc/arm-none-eabi/10.3.1/../../../../arm-none-eabi/lib/thumb/v7e-m+fp/hard\libsupc++_nano.a
END GROUP
LOAD c:/st/stm32cubeide_1.12.1/stm32cubeide/plugins/com.st.stm32cube.ide.mcu.externaltools.gnu-tools-for-stm32.10.3-2021.10.win32_1.0.200.202301161003/tools/bin/../lib/gcc/arm-none-eabi/10.3.1/../../../../arm-none-eabi/lib/thumb/v7e-m+fp/hard\libstdc++_nano.a
LOAD c:/st/stm32cubeide_1.12.1/stm32cubeide/plugins/com.st.stm32cube.ide.mcu.externaltools.gnu-tools-for-stm32.10.3-2021.10.win32_1.0.200.202301161003/tools/bin/../lib/gcc/arm-none-eabi/10.3.1/../../../../arm-none-eabi/lib/thumb/v7e-m+fp/hard\libm.a
LOAD c:/st/stm32cubeide_1.12.1/stm32cubeide/plugins/com.st.stm32cube.ide.mcu.externaltools.gnu-tools-for-stm32.10.3-2021.10.win32_1.0.200.202301161003/tools/bin/../lib/gcc/arm-none-eabi/10.3.1/../../../../arm-none-eabi/lib/thumb/v7e-m+fp/hard\libc_nano.a
START GROUP
LOAD c:/st/stm32cubeide_1.12.1/stm32cubeide/plugins/com.st.stm32cube.ide.mcu.externaltools.gnu-tools-for-stm32.10.3-2021.10.win32_1.0.200.202301161003/tools/bin/../lib/gcc/arm-none-eabi/10.3.1/thumb/v7e-m+fp/hard\libgcc.a
LOAD c:/st/stm32cubeide_1.12.1/stm32cubeide/plugins/com.st.stm32cube.ide.mcu.externaltools.gnu-tools-for-stm32.10.3-2021.10.win32_1.0.200.202301161003/tools/bin/../lib/gcc/arm-none-eabi/10.3.1/../../../../arm-none-eabi/lib/thumb/v7e-m+fp/hard\libc_nano.a
END GROUP
START GROUP
LOAD c:/st/stm32cubeide_1.12.1/stm32cubeide/plugins/com.st.stm32cube.ide.mcu.externaltools.gnu-tools-for-stm32.10.3-2021.10.win32_1.0.200.202301161003/tools/bin/../lib/gcc/arm-none-eabi/10.3.1/thumb/v7e-m+fp/hard\libgcc.a
LOAD c:/st/stm32cubeide_1.12.1/stm32cubeide/plugins/com.st.stm32cube.ide.mcu.externaltools.gnu-tools-for-stm32.10.3-2021.10.win32_1.0.200.202301161003/tools/bin/../lib/gcc/arm-none-eabi/10.3.1/../../../../arm-none-eabi/lib/thumb/v7e-m+fp/hard\libc_nano.a
END GROUP
LOAD c:/st/stm32cubeide_1.12.1/stm32cubeide/plugins/com.st.stm32cube.ide.mcu.externaltools.gnu-tools-for-stm32.10.3-2021.10.win32_1.0.200.202301161003/tools/bin/../lib/gcc/arm-none-eabi/10.3.1/thumb/v7e-m+fp/hard/crtend.o
LOAD c:/st/stm32cubeide_1.12.1/stm32cubeide/plugins/com.st.stm32cube.ide.mcu.externaltools.gnu-tools-for-stm32.10.3-2021.10.win32_1.0.200.202301161003/tools/bin/../lib/gcc/arm-none-eabi/10.3.1/thumb/v7e-m+fp/hard/crtn.o
                0x0000000020010000                _estack = (ORIGIN (RAM) + LENGTH (RAM))
                0x0000000000000200                _Min_Heap_Size = 0x200
                0x0000000000000400                _Min_Stack_Size = 0x400

.isr_vector     0x0000000008000000      0x18c
                0x0000000008000000                . = ALIGN (0x4)
 *(.isr_vector)
 .isr_vector    0x0000000008000000      0x18c ./Core/Startup/startup_stm32l432kcux.o
                0x0000000008000000                g_pfnVectors
                0x000000000800018c                . = ALIGN (0x4)

.text           0x000000000800018c     0x2868
                0x000000000800018c                . = ALIGN (0x4)
 *(.text)
 .text          0x000000000800018c       0x40 c:/st/stm32cubeide_1.12.1/stm32cubeide/plugins/com.st.stm32cube.ide.mcu.externaltools.gnu-tools-for-stm32.10.3-2021.10.win32_1.0.200.202301161003/tools/bin/../lib/gcc/arm-none-eabi/10.3.1/thumb/v7e-m+fp/hard/crtbegin.o
 *(.text*)
 .text.main     0x00000000080001cc       0x68 ./Core/Src/main.o
                0x00000000080001cc                main
 .text.SystemClock_Config
                0x0000000008000234       0xa2 ./Core/Src/main.o
                0x0000000008000234                SystemClock_Config
 *fill*         0x00000000080002d6        0x2 
 .text.MX_DAC1_Init
                0x00000000080002d8       0x64 ./Core/Src/main.o
 .text.MX_TIM2_Init
                0x000000000800033c       0x9c ./Core/Src/main.o
 .text.MX_DMA_Init
                0x00000000080003d8       0x3c ./Core/Src/main.o
 .text.MX_GPIO_Init
                0x0000000008000414       0xdc ./Core/Src/main.o
 .text.Error_Handler
                0x00000000080004f0        0xa ./Core/Src/main.o
                0x00000000080004f0                Error_Handler
 *fill*         0x00000000080004fa        0x2 
 .text.HAL_MspInit
                0x00000000080004fc       0x48 ./Core/Src/stm32l4xx_hal_msp.o
                0x00000000080004fc                HAL_MspInit
 .text.HAL_DAC_MspInit
                0x0000000008000544       0xdc ./Core/Src/stm32l4xx_hal_msp.o
                0x0000000008000544                HAL_DAC_MspInit
 .text.HAL_TIM_Base_MspInit
                0x0000000008000620       0x3c ./Core/Src/stm32l4xx_hal_msp.o
                0x0000000008000620                HAL_TIM_Base_MspInit
 .text.NMI_Handler
                0x000000000800065c        0x6 ./Core/Src/stm32l4xx_it.o
                0x000000000800065c                NMI_Handler
 .text.HardFault_Handler
                0x0000000008000662        0x6 ./Core/Src/stm32l4xx_it.o
                0x0000000008000662                HardFault_Handler
 .text.MemManage_Handler
                0x0000000008000668        0x6 ./Core/Src/stm32l4xx_it.o
                0x0000000008000668                MemManage_Handler
 .text.BusFault_Handler
                0x000000000800066e        0x6 ./Core/Src/stm32l4xx_it.o
                0x000000000800066e                BusFault_Handler
 .text.UsageFault_Handler
                0x0000000008000674        0x6 ./Core/Src/stm32l4xx_it.o
                0x0000000008000674                UsageFault_Handler
 .text.SVC_Handler
                0x000000000800067a        0xe ./Core/Src/stm32l4xx_it.o
                0x000000000800067a                SVC_Handler
 .text.DebugMon_Handler
                0x0000000008000688        0xe ./Core/Src/stm32l4xx_it.o
                0x0000000008000688                DebugMon_Handler
 .text.PendSV_Handler
                0x0000000008000696        0xe ./Core/Src/stm32l4xx_it.o
                0x0000000008000696                PendSV_Handler
 .text.SysTick_Handler
                0x00000000080006a4        0xc ./Core/Src/stm32l4xx_it.o
                0x00000000080006a4                SysTick_Handler
 .text.DMA1_Channel3_IRQHandler
                0x00000000080006b0       0x14 ./Core/Src/stm32l4xx_it.o
                0x00000000080006b0                DMA1_Channel3_IRQHandler
 .text.SystemInit
                0x00000000080006c4       0x24 ./Core/Src/system_stm32l4xx.o
                0x00000000080006c4                SystemInit
 .text.Reset_Handler
                0x00000000080006e8       0x50 ./Core/Startup/startup_stm32l432kcux.o
                0x00000000080006e8                Reset_Handler
 .text.Default_Handler
                0x0000000008000738        0x2 ./Core/Startup/startup_stm32l432kcux.o
                0x0000000008000738                RTC_Alarm_IRQHandler
                0x0000000008000738                EXTI2_IRQHandler
                0x0000000008000738                TIM1_CC_IRQHandler
                0x0000000008000738                TSC_IRQHandler
                0x0000000008000738                TAMP_STAMP_IRQHandler
                0x0000000008000738                EXTI3_IRQHandler
                0x0000000008000738                LPTIM2_IRQHandler
                0x0000000008000738                I2C3_ER_IRQHandler
                0x0000000008000738                EXTI0_IRQHandler
                0x0000000008000738                CAN1_RX0_IRQHandler
                0x0000000008000738                FPU_IRQHandler
                0x0000000008000738                TIM1_UP_TIM16_IRQHandler
                0x0000000008000738                SPI1_IRQHandler
                0x0000000008000738                TIM6_DAC_IRQHandler
                0x0000000008000738                DMA2_Channel2_IRQHandler
                0x0000000008000738                DMA1_Channel4_IRQHandler
                0x0000000008000738                ADC1_IRQHandler
                0x0000000008000738                DMA1_Channel7_IRQHandler
                0x0000000008000738                CAN1_RX1_IRQHandler
                0x0000000008000738                DMA2_Channel1_IRQHandler
                0x0000000008000738                QUADSPI_IRQHandler
                0x0000000008000738                I2C1_EV_IRQHandler
                0x0000000008000738                DMA1_Channel6_IRQHandler
                0x0000000008000738                DMA2_Channel4_IRQHandler
                0x0000000008000738                RCC_IRQHandler
                0x0000000008000738                TIM1_TRG_COM_IRQHandler
                0x0000000008000738                DMA1_Channel1_IRQHandler
                0x0000000008000738                Default_Handler
                0x0000000008000738                DMA2_Channel7_IRQHandler
                0x0000000008000738                EXTI15_10_IRQHandler
                0x0000000008000738                TIM7_IRQHandler
                0x0000000008000738                I2C3_EV_IRQHandler
                0x0000000008000738                USB_IRQHandler
                0x0000000008000738                EXTI9_5_IRQHandler
                0x0000000008000738                RTC_WKUP_IRQHandler
                0x0000000008000738                PVD_PVM_IRQHandler
                0x0000000008000738                CAN1_TX_IRQHandler
                0x0000000008000738                DMA2_Channel5_IRQHandler
                0x0000000008000738                CRS_IRQHandler
                0x0000000008000738                DMA1_Channel5_IRQHandler
                0x0000000008000738                EXTI4_IRQHandler
                0x0000000008000738                RNG_IRQHandler
                0x0000000008000738                COMP_IRQHandler
                0x0000000008000738                WWDG_IRQHandler
                0x0000000008000738                LPUART1_IRQHandler
                0x0000000008000738                DMA2_Channel6_IRQHandler
                0x0000000008000738                TIM2_IRQHandler
                0x0000000008000738                EXTI1_IRQHandler
                0x0000000008000738                USART2_IRQHandler
                0x0000000008000738                DMA1_Channel2_IRQHandler
                0x0000000008000738                CAN1_SCE_IRQHandler
                0x0000000008000738                FLASH_IRQHandler
                0x0000000008000738                USART1_IRQHandler
                0x0000000008000738                SPI3_IRQHandler
                0x0000000008000738                I2C1_ER_IRQHandler
                0x0000000008000738                SWPMI1_IRQHandler
                0x0000000008000738                LPTIM1_IRQHandler
                0x0000000008000738                SAI1_IRQHandler
                0x0000000008000738                DMA2_Channel3_IRQHandler
                0x0000000008000738                TIM1_BRK_TIM15_IRQHandler
 .text.HAL_Init
                0x000000000800073a       0x30 ./Drivers/STM32L4xx_HAL_Driver/Src/stm32l4xx_hal.o
                0x000000000800073a                HAL_Init
 *fill*         0x000000000800076a        0x2 
 .text.HAL_InitTick
                0x000000000800076c       0x78 ./Drivers/STM32L4xx_HAL_Driver/Src/stm32l4xx_hal.o
                0x000000000800076c                HAL_InitTick
 .text.HAL_IncTick
                0x00000000080007e4       0x28 ./Drivers/STM32L4xx_HAL_Driver/Src/stm32l4xx_hal.o
                0x00000000080007e4                HAL_IncTick
 .text.HAL_GetTick
                0x000000000800080c       0x18 ./Drivers/STM32L4xx_HAL_Driver/Src/stm32l4xx_hal.o
                0x000000000800080c                HAL_GetTick
 .text.HAL_Delay
                0x0000000008000824       0x48 ./Drivers/STM32L4xx_HAL_Driver/Src/stm32l4xx_hal.o
                0x0000000008000824                HAL_Delay
 .text.__NVIC_SetPriorityGrouping
                0x000000000800086c       0x48 ./Drivers/STM32L4xx_HAL_Driver/Src/stm32l4xx_hal_cortex.o
 .text.__NVIC_GetPriorityGrouping
                0x00000000080008b4       0x1c ./Drivers/STM32L4xx_HAL_Driver/Src/stm32l4xx_hal_cortex.o
 .text.__NVIC_EnableIRQ
                0x00000000080008d0       0x3c ./Drivers/STM32L4xx_HAL_Driver/Src/stm32l4xx_hal_cortex.o
 .text.__NVIC_SetPriority
                0x000000000800090c       0x54 ./Drivers/STM32L4xx_HAL_Driver/Src/stm32l4xx_hal_cortex.o
 .text.NVIC_EncodePriority
                0x0000000008000960       0x66 ./Drivers/STM32L4xx_HAL_Driver/Src/stm32l4xx_hal_cortex.o
 *fill*         0x00000000080009c6        0x2 
 .text.SysTick_Config
                0x00000000080009c8       0x44 ./Drivers/STM32L4xx_HAL_Driver/Src/stm32l4xx_hal_cortex.o
 .text.HAL_NVIC_SetPriorityGrouping
                0x0000000008000a0c       0x16 ./Drivers/STM32L4xx_HAL_Driver/Src/stm32l4xx_hal_cortex.o
                0x0000000008000a0c                HAL_NVIC_SetPriorityGrouping
 .text.HAL_NVIC_SetPriority
                0x0000000008000a22       0x38 ./Drivers/STM32L4xx_HAL_Driver/Src/stm32l4xx_hal_cortex.o
                0x0000000008000a22                HAL_NVIC_SetPriority
 .text.HAL_NVIC_EnableIRQ
                0x0000000008000a5a       0x1c ./Drivers/STM32L4xx_HAL_Driver/Src/stm32l4xx_hal_cortex.o
                0x0000000008000a5a                HAL_NVIC_EnableIRQ
 .text.HAL_SYSTICK_Config
                0x0000000008000a76       0x18 ./Drivers/STM32L4xx_HAL_Driver/Src/stm32l4xx_hal_cortex.o
                0x0000000008000a76                HAL_SYSTICK_Config
 .text.HAL_DAC_Init
                0x0000000008000a8e       0x44 ./Drivers/STM32L4xx_HAL_Driver/Src/stm32l4xx_hal_dac.o
                0x0000000008000a8e                HAL_DAC_Init
 *fill*         0x0000000008000ad2        0x2 
 .text.HAL_DAC_Start_DMA
                0x0000000008000ad4      0x198 ./Drivers/STM32L4xx_HAL_Driver/Src/stm32l4xx_hal_dac.o
                0x0000000008000ad4                HAL_DAC_Start_DMA
 .text.HAL_DAC_ConvCpltCallbackCh1
                0x0000000008000c6c       0x14 ./Drivers/STM32L4xx_HAL_Driver/Src/stm32l4xx_hal_dac.o
                0x0000000008000c6c                HAL_DAC_ConvCpltCallbackCh1
 .text.HAL_DAC_ConvHalfCpltCallbackCh1
                0x0000000008000c80       0x14 ./Drivers/STM32L4xx_HAL_Driver/Src/stm32l4xx_hal_dac.o
                0x0000000008000c80                HAL_DAC_ConvHalfCpltCallbackCh1
 .text.HAL_DAC_ErrorCallbackCh1
                0x0000000008000c94       0x14 ./Drivers/STM32L4xx_HAL_Driver/Src/stm32l4xx_hal_dac.o
                0x0000000008000c94                HAL_DAC_ErrorCallbackCh1
 .text.HAL_DAC_ConfigChannel
                0x0000000008000ca8      0x234 ./Drivers/STM32L4xx_HAL_Driver/Src/stm32l4xx_hal_dac.o
                0x0000000008000ca8                HAL_DAC_ConfigChannel
 .text.DAC_DMAConvCpltCh1
                0x0000000008000edc       0x22 ./Drivers/STM32L4xx_HAL_Driver/Src/stm32l4xx_hal_dac.o
                0x0000000008000edc                DAC_DMAConvCpltCh1
 .text.DAC_DMAHalfConvCpltCh1
                0x0000000008000efe       0x1c ./Drivers/STM32L4xx_HAL_Driver/Src/stm32l4xx_hal_dac.o
                0x0000000008000efe                DAC_DMAHalfConvCpltCh1
 .text.DAC_DMAErrorCh1
                0x0000000008000f1a       0x2e ./Drivers/STM32L4xx_HAL_Driver/Src/stm32l4xx_hal_dac.o
                0x0000000008000f1a                DAC_DMAErrorCh1
 .text.HAL_DACEx_ConvCpltCallbackCh2
                0x0000000008000f48       0x14 ./Drivers/STM32L4xx_HAL_Driver/Src/stm32l4xx_hal_dac_ex.o
                0x0000000008000f48                HAL_DACEx_ConvCpltCallbackCh2
 .text.HAL_DACEx_ConvHalfCpltCallbackCh2
                0x0000000008000f5c       0x14 ./Drivers/STM32L4xx_HAL_Driver/Src/stm32l4xx_hal_dac_ex.o
                0x0000000008000f5c                HAL_DACEx_ConvHalfCpltCallbackCh2
 .text.HAL_DACEx_ErrorCallbackCh2
                0x0000000008000f70       0x14 ./Drivers/STM32L4xx_HAL_Driver/Src/stm32l4xx_hal_dac_ex.o
                0x0000000008000f70                HAL_DACEx_ErrorCallbackCh2
 .text.DAC_DMAConvCpltCh2
                0x0000000008000f84       0x22 ./Drivers/STM32L4xx_HAL_Driver/Src/stm32l4xx_hal_dac_ex.o
                0x0000000008000f84                DAC_DMAConvCpltCh2
 .text.DAC_DMAHalfConvCpltCh2
                0x0000000008000fa6       0x1c ./Drivers/STM32L4xx_HAL_Driver/Src/stm32l4xx_hal_dac_ex.o
                0x0000000008000fa6                DAC_DMAHalfConvCpltCh2
 .text.DAC_DMAErrorCh2
                0x0000000008000fc2       0x2e ./Drivers/STM32L4xx_HAL_Driver/Src/stm32l4xx_hal_dac_ex.o
                0x0000000008000fc2                DAC_DMAErrorCh2
 .text.HAL_DMA_Init
                0x0000000008000ff0      0x170 ./Drivers/STM32L4xx_HAL_Driver/Src/stm32l4xx_hal_dma.o
                0x0000000008000ff0                HAL_DMA_Init
 .text.HAL_DMA_Start_IT
                0x0000000008001160       0xc0 ./Drivers/STM32L4xx_HAL_Driver/Src/stm32l4xx_hal_dma.o
                0x0000000008001160                HAL_DMA_Start_IT
 .text.HAL_DMA_IRQHandler
                0x0000000008001220      0x15e ./Drivers/STM32L4xx_HAL_Driver/Src/stm32l4xx_hal_dma.o
                0x0000000008001220                HAL_DMA_IRQHandler
 .text.DMA_SetConfig
                0x000000000800137e       0x60 ./Drivers/STM32L4xx_HAL_Driver/Src/stm32l4xx_hal_dma.o
 *fill*         0x00000000080013de        0x2 
 .text.HAL_GPIO_Init
                0x00000000080013e0      0x2d4 ./Drivers/STM32L4xx_HAL_Driver/Src/stm32l4xx_hal_gpio.o
                0x00000000080013e0                HAL_GPIO_Init
 .text.HAL_GPIO_WritePin
                0x00000000080016b4       0x30 ./Drivers/STM32L4xx_HAL_Driver/Src/stm32l4xx_hal_gpio.o
                0x00000000080016b4                HAL_GPIO_WritePin
 .text.HAL_GPIO_TogglePin
                0x00000000080016e4       0x34 ./Drivers/STM32L4xx_HAL_Driver/Src/stm32l4xx_hal_gpio.o
                0x00000000080016e4                HAL_GPIO_TogglePin
 .text.HAL_PWREx_GetVoltageRange
                0x0000000008001718       0x1c ./Drivers/STM32L4xx_HAL_Driver/Src/stm32l4xx_hal_pwr_ex.o
                0x0000000008001718                HAL_PWREx_GetVoltageRange
 .text.HAL_PWREx_ControlVoltageScaling
                0x0000000008001734       0xac ./Drivers/STM32L4xx_HAL_Driver/Src/stm32l4xx_hal_pwr_ex.o
                0x0000000008001734                HAL_PWREx_ControlVoltageScaling
 .text.HAL_RCC_OscConfig
                0x00000000080017e0      0x828 ./Drivers/STM32L4xx_HAL_Driver/Src/stm32l4xx_hal_rcc.o
                0x00000000080017e0                HAL_RCC_OscConfig
 .text.HAL_RCC_ClockConfig
                0x0000000008002008      0x200 ./Drivers/STM32L4xx_HAL_Driver/Src/stm32l4xx_hal_rcc.o
                0x0000000008002008                HAL_RCC_ClockConfig
 .text.HAL_RCC_GetSysClockFreq
                0x0000000008002208      0x118 ./Drivers/STM32L4xx_HAL_Driver/Src/stm32l4xx_hal_rcc.o
                0x0000000008002208                HAL_RCC_GetSysClockFreq
 .text.RCC_SetFlashLatencyFromMSIRange
                0x0000000008002320       0xc0 ./Drivers/STM32L4xx_HAL_Driver/Src/stm32l4xx_hal_rcc.o
 .text.HAL_TIM_Base_Init
                0x00000000080023e0       0xae ./Drivers/STM32L4xx_HAL_Driver/Src/stm32l4xx_hal_tim.o
                0x00000000080023e0                HAL_TIM_Base_Init
 *fill*         0x000000000800248e        0x2 
 .text.HAL_TIM_Base_Start
                0x0000000008002490       0x98 ./Drivers/STM32L4xx_HAL_Driver/Src/stm32l4xx_hal_tim.o
                0x0000000008002490                HAL_TIM_Base_Start
 .text.HAL_TIM_ConfigClockSource
                0x0000000008002528      0x192 ./Drivers/STM32L4xx_HAL_Driver/Src/stm32l4xx_hal_tim.o
                0x0000000008002528                HAL_TIM_ConfigClockSource
 *fill*         0x00000000080026ba        0x2 
 .text.TIM_Base_SetConfig
                0x00000000080026bc       0xc8 ./Drivers/STM32L4xx_HAL_Driver/Src/stm32l4xx_hal_tim.o
                0x00000000080026bc                TIM_Base_SetConfig
 .text.TIM_TI1_ConfigInputStage
                0x0000000008002784       0x5e ./Drivers/STM32L4xx_HAL_Driver/Src/stm32l4xx_hal_tim.o
 .text.TIM_TI2_ConfigInputStage
                0x00000000080027e2       0x60 ./Drivers/STM32L4xx_HAL_Driver/Src/stm32l4xx_hal_tim.o
 .text.TIM_ITRx_SetConfig
                0x0000000008002842       0x36 ./Drivers/STM32L4xx_HAL_Driver/Src/stm32l4xx_hal_tim.o
 .text.TIM_ETR_SetConfig
                0x0000000008002878       0x40 ./Drivers/STM32L4xx_HAL_Driver/Src/stm32l4xx_hal_tim.o
                0x0000000008002878                TIM_ETR_SetConfig
 .text.HAL_TIMEx_MasterConfigSynchronization
                0x00000000080028b8       0xcc ./Drivers/STM32L4xx_HAL_Driver/Src/stm32l4xx_hal_tim_ex.o
                0x00000000080028b8                HAL_TIMEx_MasterConfigSynchronization
 .text.__libc_init_array
                0x0000000008002984       0x48 c:/st/stm32cubeide_1.12.1/stm32cubeide/plugins/com.st.stm32cube.ide.mcu.externaltools.gnu-tools-for-stm32.10.3-2021.10.win32_1.0.200.202301161003/tools/bin/../lib/gcc/arm-none-eabi/10.3.1/../../../../arm-none-eabi/lib/thumb/v7e-m+fp/hard\libc_nano.a(lib_a-init.o)
                0x0000000008002984                __libc_init_array
 .text.memset   0x00000000080029cc       0x10 c:/st/stm32cubeide_1.12.1/stm32cubeide/plugins/com.st.stm32cube.ide.mcu.externaltools.gnu-tools-for-stm32.10.3-2021.10.win32_1.0.200.202301161003/tools/bin/../lib/gcc/arm-none-eabi/10.3.1/../../../../arm-none-eabi/lib/thumb/v7e-m+fp/hard\libc_nano.a(lib_a-memset.o)
                0x00000000080029cc                memset
 *(.glue_7)
 .glue_7        0x00000000080029dc        0x0 linker stubs
 *(.glue_7t)
 .glue_7t       0x00000000080029dc        0x0 linker stubs
 *(.eh_frame)
 .eh_frame      0x00000000080029dc        0x0 c:/st/stm32cubeide_1.12.1/stm32cubeide/plugins/com.st.stm32cube.ide.mcu.externaltools.gnu-tools-for-stm32.10.3-2021.10.win32_1.0.200.202301161003/tools/bin/../lib/gcc/arm-none-eabi/10.3.1/thumb/v7e-m+fp/hard/crtbegin.o
 *(.init)
 .init          0x00000000080029dc        0x4 c:/st/stm32cubeide_1.12.1/stm32cubeide/plugins/com.st.stm32cube.ide.mcu.externaltools.gnu-tools-for-stm32.10.3-2021.10.win32_1.0.200.202301161003/tools/bin/../lib/gcc/arm-none-eabi/10.3.1/thumb/v7e-m+fp/hard/crti.o
                0x00000000080029dc                _init
 .init          0x00000000080029e0        0x8 c:/st/stm32cubeide_1.12.1/stm32cubeide/plugins/com.st.stm32cube.ide.mcu.externaltools.gnu-tools-for-stm32.10.3-2021.10.win32_1.0.200.202301161003/tools/bin/../lib/gcc/arm-none-eabi/10.3.1/thumb/v7e-m+fp/hard/crtn.o
 *(.fini)
 .fini          0x00000000080029e8        0x4 c:/st/stm32cubeide_1.12.1/stm32cubeide/plugins/com.st.stm32cube.ide.mcu.externaltools.gnu-tools-for-stm32.10.3-2021.10.win32_1.0.200.202301161003/tools/bin/../lib/gcc/arm-none-eabi/10.3.1/thumb/v7e-m+fp/hard/crti.o
                0x00000000080029e8                _fini
 .fini          0x00000000080029ec        0x8 c:/st/stm32cubeide_1.12.1/stm32cubeide/plugins/com.st.stm32cube.ide.mcu.externaltools.gnu-tools-for-stm32.10.3-2021.10.win32_1.0.200.202301161003/tools/bin/../lib/gcc/arm-none-eabi/10.3.1/thumb/v7e-m+fp/hard/crtn.o
                0x00000000080029f4                . = ALIGN (0x4)
                0x00000000080029f4                _etext = .

.vfp11_veneer   0x00000000080029f4        0x0
 .vfp11_veneer  0x00000000080029f4        0x0 linker stubs

.v4_bx          0x00000000080029f4        0x0
 .v4_bx         0x00000000080029f4        0x0 linker stubs

.iplt           0x00000000080029f4        0x0
 .iplt          0x00000000080029f4        0x0 c:/st/stm32cubeide_1.12.1/stm32cubeide/plugins/com.st.stm32cube.ide.mcu.externaltools.gnu-tools-for-stm32.10.3-2021.10.win32_1.0.200.202301161003/tools/bin/../lib/gcc/arm-none-eabi/10.3.1/thumb/v7e-m+fp/hard/crtbegin.o

.rodata         0x00000000080029f4       0x40
                0x00000000080029f4                . = ALIGN (0x4)
 *(.rodata)
 *(.rodata*)
 .rodata.AHBPrescTable
                0x00000000080029f4       0x10 ./Core/Src/system_stm32l4xx.o
                0x00000000080029f4                AHBPrescTable
 .rodata.MSIRangeTable
                0x0000000008002a04       0x30 ./Core/Src/system_stm32l4xx.o
                0x0000000008002a04                MSIRangeTable
                0x0000000008002a34                . = ALIGN (0x4)

.rel.dyn        0x0000000008002a34        0x0
 .rel.iplt      0x0000000008002a34        0x0 c:/st/stm32cubeide_1.12.1/stm32cubeide/plugins/com.st.stm32cube.ide.mcu.externaltools.gnu-tools-for-stm32.10.3-2021.10.win32_1.0.200.202301161003/tools/bin/../lib/gcc/arm-none-eabi/10.3.1/thumb/v7e-m+fp/hard/crtbegin.o

.ARM.extab      0x0000000008002a34        0x0
                0x0000000008002a34                . = ALIGN (0x4)
 *(.ARM.extab* .gnu.linkonce.armextab.*)
                0x0000000008002a34                . = ALIGN (0x4)

.ARM            0x0000000008002a34        0x0
                0x0000000008002a34                . = ALIGN (0x4)
                0x0000000008002a34                __exidx_start = .
 *(.ARM.exidx*)
                0x0000000008002a34                __exidx_end = .
                0x0000000008002a34                . = ALIGN (0x4)

.preinit_array  0x0000000008002a34        0x0
                0x0000000008002a34                . = ALIGN (0x4)
                0x0000000008002a34                PROVIDE (__preinit_array_start = .)
 *(.preinit_array*)
                0x0000000008002a34                PROVIDE (__preinit_array_end = .)
                0x0000000008002a34                . = ALIGN (0x4)

.init_array     0x0000000008002a34        0x4
                0x0000000008002a34                . = ALIGN (0x4)
                0x0000000008002a34                PROVIDE (__init_array_start = .)
 *(SORT_BY_NAME(.init_array.*))
 *(.init_array*)
 .init_array    0x0000000008002a34        0x4 c:/st/stm32cubeide_1.12.1/stm32cubeide/plugins/com.st.stm32cube.ide.mcu.externaltools.gnu-tools-for-stm32.10.3-2021.10.win32_1.0.200.202301161003/tools/bin/../lib/gcc/arm-none-eabi/10.3.1/thumb/v7e-m+fp/hard/crtbegin.o
                0x0000000008002a38                PROVIDE (__init_array_end = .)
                0x0000000008002a38                . = ALIGN (0x4)

.fini_array     0x0000000008002a38        0x4
                0x0000000008002a38                . = ALIGN (0x4)
                [!provide]                        PROVIDE (__fini_array_start = .)
 *(SORT_BY_NAME(.fini_array.*))
 *(.fini_array*)
 .fini_array    0x0000000008002a38        0x4 c:/st/stm32cubeide_1.12.1/stm32cubeide/plugins/com.st.stm32cube.ide.mcu.externaltools.gnu-tools-for-stm32.10.3-2021.10.win32_1.0.200.202301161003/tools/bin/../lib/gcc/arm-none-eabi/10.3.1/thumb/v7e-m+fp/hard/crtbegin.o
                [!provide]                        PROVIDE (__fini_array_end = .)
                0x0000000008002a3c                . = ALIGN (0x4)
                0x0000000008002a3c                _sidata = LOADADDR (.data)

.data           0x0000000020000000      0x20c load address 0x0000000008002a3c
                0x0000000020000000                . = ALIGN (0x4)
                0x0000000020000000                _sdata = .
 *(.data)
 *(.data*)
 .data.Wave_LUT
                0x0000000020000000      0x200 ./Core/Src/main.o
                0x0000000020000000                Wave_LUT
 .data.SystemCoreClock
                0x0000000020000200        0x4 ./Core/Src/system_stm32l4xx.o
                0x0000000020000200                SystemCoreClock
 .data.uwTickPrio
                0x0000000020000204        0x4 ./Drivers/STM32L4xx_HAL_Driver/Src/stm32l4xx_hal.o
                0x0000000020000204                uwTickPrio
 .data.uwTickFreq
                0x0000000020000208        0x1 ./Drivers/STM32L4xx_HAL_Driver/Src/stm32l4xx_hal.o
                0x0000000020000208                uwTickFreq
 *(.RamFunc)
 *(.RamFunc*)
                0x000000002000020c                . = ALIGN (0x4)
 *fill*         0x0000000020000209        0x3 
                0x000000002000020c                _edata = .

.igot.plt       0x000000002000020c        0x0 load address 0x0000000008002c48
 .igot.plt      0x000000002000020c        0x0 c:/st/stm32cubeide_1.12.1/stm32cubeide/plugins/com.st.stm32cube.ide.mcu.externaltools.gnu-tools-for-stm32.10.3-2021.10.win32_1.0.200.202301161003/tools/bin/../lib/gcc/arm-none-eabi/10.3.1/thumb/v7e-m+fp/hard/crtbegin.o
                0x000000002000020c                . = ALIGN (0x4)

.bss            0x000000002000020c       0xc8 load address 0x0000000008002c48
                0x000000002000020c                _sbss = .
                0x000000002000020c                __bss_start__ = _sbss
 *(.bss)
 .bss           0x000000002000020c       0x1c c:/st/stm32cubeide_1.12.1/stm32cubeide/plugins/com.st.stm32cube.ide.mcu.externaltools.gnu-tools-for-stm32.10.3-2021.10.win32_1.0.200.202301161003/tools/bin/../lib/gcc/arm-none-eabi/10.3.1/thumb/v7e-m+fp/hard/crtbegin.o
 *(.bss*)
 .bss.hdac1     0x0000000020000228       0x14 ./Core/Src/main.o
                0x0000000020000228                hdac1
 .bss.hdma_dac_ch1
                0x000000002000023c       0x48 ./Core/Src/main.o
                0x000000002000023c                hdma_dac_ch1
 .bss.htim2     0x0000000020000284       0x4c ./Core/Src/main.o
                0x0000000020000284                htim2
 .bss.uwTick    0x00000000200002d0        0x4 ./Drivers/STM32L4xx_HAL_Driver/Src/stm32l4xx_hal.o
                0x00000000200002d0                uwTick
 *(COMMON)
                0x00000000200002d4                . = ALIGN (0x4)
                0x00000000200002d4                _ebss = .
                0x00000000200002d4                __bss_end__ = _ebss

._user_heap_stack
                0x00000000200002d4      0x604 load address 0x0000000008002c48
                0x00000000200002d8                . = ALIGN (0x8)
 *fill*         0x00000000200002d4        0x4 
                [!provide]                        PROVIDE (end = .)
                0x00000000200002d8                PROVIDE (_end = .)
                0x00000000200004d8                . = (. + _Min_Heap_Size)
 *fill*         0x00000000200002d8      0x200 
                0x00000000200008d8                . = (. + _Min_Stack_Size)
 *fill*         0x00000000200004d8      0x400 
                0x00000000200008d8                . = ALIGN (0x8)

/DISCARD/
 libc.a(*)
 libm.a(*)
 libgcc.a(*)

.ARM.attributes
                0x0000000000000000       0x30
 *(.ARM.attributes)
 .ARM.attributes
                0x0000000000000000       0x1e c:/st/stm32cubeide_1.12.1/stm32cubeide/plugins/com.st.stm32cube.ide.mcu.externaltools.gnu-tools-for-stm32.10.3-2021.10.win32_1.0.200.202301161003/tools/bin/../lib/gcc/arm-none-eabi/10.3.1/thumb/v7e-m+fp/hard/crti.o
 .ARM.attributes
                0x000000000000001e       0x34 c:/st/stm32cubeide_1.12.1/stm32cubeide/plugins/com.st.stm32cube.ide.mcu.externaltools.gnu-tools-for-stm32.10.3-2021.10.win32_1.0.200.202301161003/tools/bin/../lib/gcc/arm-none-eabi/10.3.1/thumb/v7e-m+fp/hard/crtbegin.o
 .ARM.attributes
                0x0000000000000052       0x34 ./Core/Src/main.o
 .ARM.attributes
                0x0000000000000086       0x34 ./Core/Src/stm32l4xx_hal_msp.o
 .ARM.attributes
                0x00000000000000ba       0x34 ./Core/Src/stm32l4xx_it.o
 .ARM.attributes
                0x00000000000000ee       0x34 ./Core/Src/system_stm32l4xx.o
 .ARM.attributes
                0x0000000000000122       0x21 ./Core/Startup/startup_stm32l432kcux.o
 .ARM.attributes
                0x0000000000000143       0x34 ./Drivers/STM32L4xx_HAL_Driver/Src/stm32l4xx_hal.o
 .ARM.attributes
                0x0000000000000177       0x34 ./Drivers/STM32L4xx_HAL_Driver/Src/stm32l4xx_hal_cortex.o
 .ARM.attributes
                0x00000000000001ab       0x34 ./Drivers/STM32L4xx_HAL_Driver/Src/stm32l4xx_hal_dac.o
 .ARM.attributes
                0x00000000000001df       0x34 ./Drivers/STM32L4xx_HAL_Driver/Src/stm32l4xx_hal_dac_ex.o
 .ARM.attributes
                0x0000000000000213       0x34 ./Drivers/STM32L4xx_HAL_Driver/Src/stm32l4xx_hal_dma.o
 .ARM.attributes
                0x0000000000000247       0x34 ./Drivers/STM32L4xx_HAL_Driver/Src/stm32l4xx_hal_gpio.o
 .ARM.attributes
                0x000000000000027b       0x34 ./Drivers/STM32L4xx_HAL_Driver/Src/stm32l4xx_hal_pwr_ex.o
 .ARM.attributes
                0x00000000000002af       0x34 ./Drivers/STM32L4xx_HAL_Driver/Src/stm32l4xx_hal_rcc.o
 .ARM.attributes
                0x00000000000002e3       0x34 ./Drivers/STM32L4xx_HAL_Driver/Src/stm32l4xx_hal_tim.o
 .ARM.attributes
                0x0000000000000317       0x34 ./Drivers/STM32L4xx_HAL_Driver/Src/stm32l4xx_hal_tim_ex.o
 .ARM.attributes
                0x000000000000034b       0x34 c:/st/stm32cubeide_1.12.1/stm32cubeide/plugins/com.st.stm32cube.ide.mcu.externaltools.gnu-tools-for-stm32.10.3-2021.10.win32_1.0.200.202301161003/tools/bin/../lib/gcc/arm-none-eabi/10.3.1/../../../../arm-none-eabi/lib/thumb/v7e-m+fp/hard\libc_nano.a(lib_a-init.o)
 .ARM.attributes
                0x000000000000037f       0x34 c:/st/stm32cubeide_1.12.1/stm32cubeide/plugins/com.st.stm32cube.ide.mcu.externaltools.gnu-tools-for-stm32.10.3-2021.10.win32_1.0.200.202301161003/tools/bin/../lib/gcc/arm-none-eabi/10.3.1/../../../../arm-none-eabi/lib/thumb/v7e-m+fp/hard\libc_nano.a(lib_a-memset.o)
 .ARM.attributes
                0x00000000000003b3       0x1e c:/st/stm32cubeide_1.12.1/stm32cubeide/plugins/com.st.stm32cube.ide.mcu.externaltools.gnu-tools-for-stm32.10.3-2021.10.win32_1.0.200.202301161003/tools/bin/../lib/gcc/arm-none-eabi/10.3.1/thumb/v7e-m+fp/hard/crtn.o
OUTPUT(LED_NucleoFlash.elf elf32-littlearm)
LOAD linker stubs
LOAD c:/st/stm32cubeide_1.12.1/stm32cubeide/plugins/com.st.stm32cube.ide.mcu.externaltools.gnu-tools-for-stm32.10.3-2021.10.win32_1.0.200.202301161003/tools/bin/../lib/gcc/arm-none-eabi/10.3.1/../../../../arm-none-eabi/lib/thumb/v7e-m+fp/hard\libc.a
LOAD c:/st/stm32cubeide_1.12.1/stm32cubeide/plugins/com.st.stm32cube.ide.mcu.externaltools.gnu-tools-for-stm32.10.3-2021.10.win32_1.0.200.202301161003/tools/bin/../lib/gcc/arm-none-eabi/10.3.1/../../../../arm-none-eabi/lib/thumb/v7e-m+fp/hard\libm.a
LOAD c:/st/stm32cubeide_1.12.1/stm32cubeide/plugins/com.st.stm32cube.ide.mcu.externaltools.gnu-tools-for-stm32.10.3-2021.10.win32_1.0.200.202301161003/tools/bin/../lib/gcc/arm-none-eabi/10.3.1/thumb/v7e-m+fp/hard\libgcc.a

.debug_info     0x0000000000000000     0xc23e
 .debug_info    0x0000000000000000     0x145e ./Core/Src/main.o
 .debug_info    0x000000000000145e      0xdb5 ./Core/Src/stm32l4xx_hal_msp.o
 .debug_info    0x0000000000002213      0x3b2 ./Core/Src/stm32l4xx_it.o
 .debug_info    0x00000000000025c5      0x5d4 ./Core/Src/system_stm32l4xx.o
 .debug_info    0x0000000000002b99       0x22 ./Core/Startup/startup_stm32l432kcux.o
 .debug_info    0x0000000000002bbb      0x9da ./Drivers/STM32L4xx_HAL_Driver/Src/stm32l4xx_hal.o
 .debug_info    0x0000000000003595      0xda3 ./Drivers/STM32L4xx_HAL_Driver/Src/stm32l4xx_hal_cortex.o
 .debug_info    0x0000000000004338      0xb17 ./Drivers/STM32L4xx_HAL_Driver/Src/stm32l4xx_hal_dac.o
 .debug_info    0x0000000000004e4f      0x973 ./Drivers/STM32L4xx_HAL_Driver/Src/stm32l4xx_hal_dac_ex.o
 .debug_info    0x00000000000057c2      0x76a ./Drivers/STM32L4xx_HAL_Driver/Src/stm32l4xx_hal_dma.o
 .debug_info    0x0000000000005f2c      0x821 ./Drivers/STM32L4xx_HAL_Driver/Src/stm32l4xx_hal_gpio.o
 .debug_info    0x000000000000674d      0x96b ./Drivers/STM32L4xx_HAL_Driver/Src/stm32l4xx_hal_pwr_ex.o
 .debug_info    0x00000000000070b8      0xc97 ./Drivers/STM32L4xx_HAL_Driver/Src/stm32l4xx_hal_rcc.o
 .debug_info    0x0000000000007d4f     0x2d04 ./Drivers/STM32L4xx_HAL_Driver/Src/stm32l4xx_hal_tim.o
 .debug_info    0x000000000000aa53     0x17eb ./Drivers/STM32L4xx_HAL_Driver/Src/stm32l4xx_hal_tim_ex.o

.debug_abbrev   0x0000000000000000     0x1d75
 .debug_abbrev  0x0000000000000000      0x26a ./Core/Src/main.o
 .debug_abbrev  0x000000000000026a      0x200 ./Core/Src/stm32l4xx_hal_msp.o
 .debug_abbrev  0x000000000000046a      0x15f ./Core/Src/stm32l4xx_it.o
 .debug_abbrev  0x00000000000005c9      0x116 ./Core/Src/system_stm32l4xx.o
 .debug_abbrev  0x00000000000006df       0x12 ./Core/Startup/startup_stm32l432kcux.o
 .debug_abbrev  0x00000000000006f1      0x21e ./Drivers/STM32L4xx_HAL_Driver/Src/stm32l4xx_hal.o
 .debug_abbrev  0x000000000000090f      0x316 ./Drivers/STM32L4xx_HAL_Driver/Src/stm32l4xx_hal_cortex.o
 .debug_abbrev  0x0000000000000c25      0x209 ./Drivers/STM32L4xx_HAL_Driver/Src/stm32l4xx_hal_dac.o
 .debug_abbrev  0x0000000000000e2e      0x235 ./Drivers/STM32L4xx_HAL_Driver/Src/stm32l4xx_hal_dac_ex.o
 .debug_abbrev  0x0000000000001063      0x1d7 ./Drivers/STM32L4xx_HAL_Driver/Src/stm32l4xx_hal_dma.o
 .debug_abbrev  0x000000000000123a      0x1bb ./Drivers/STM32L4xx_HAL_Driver/Src/stm32l4xx_hal_gpio.o
 .debug_abbrev  0x00000000000013f5      0x1f3 ./Drivers/STM32L4xx_HAL_Driver/Src/stm32l4xx_hal_pwr_ex.o
 .debug_abbrev  0x00000000000015e8      0x2bd ./Drivers/STM32L4xx_HAL_Driver/Src/stm32l4xx_hal_rcc.o
 .debug_abbrev  0x00000000000018a5      0x264 ./Drivers/STM32L4xx_HAL_Driver/Src/stm32l4xx_hal_tim.o
 .debug_abbrev  0x0000000000001b09      0x26c ./Drivers/STM32L4xx_HAL_Driver/Src/stm32l4xx_hal_tim_ex.o

.debug_aranges  0x0000000000000000      0xca0
 .debug_aranges
                0x0000000000000000       0x50 ./Core/Src/main.o
 .debug_aranges
                0x0000000000000050       0x40 ./Core/Src/stm32l4xx_hal_msp.o
 .debug_aranges
                0x0000000000000090       0x68 ./Core/Src/stm32l4xx_it.o
 .debug_aranges
                0x00000000000000f8       0x28 ./Core/Src/system_stm32l4xx.o
 .debug_aranges
                0x0000000000000120       0x28 ./Core/Startup/startup_stm32l432kcux.o
 .debug_aranges
                0x0000000000000148      0x108 ./Drivers/STM32L4xx_HAL_Driver/Src/stm32l4xx_hal.o
 .debug_aranges
                0x0000000000000250      0x118 ./Drivers/STM32L4xx_HAL_Driver/Src/stm32l4xx_hal_cortex.o
 .debug_aranges
                0x0000000000000368       0xc0 ./Drivers/STM32L4xx_HAL_Driver/Src/stm32l4xx_hal_dac.o
 .debug_aranges
                0x0000000000000428       0x88 ./Drivers/STM32L4xx_HAL_Driver/Src/stm32l4xx_hal_dac_ex.o
 .debug_aranges
                0x00000000000004b0       0x80 ./Drivers/STM32L4xx_HAL_Driver/Src/stm32l4xx_hal_dma.o
 .debug_aranges
                0x0000000000000530       0x58 ./Drivers/STM32L4xx_HAL_Driver/Src/stm32l4xx_hal_gpio.o
 .debug_aranges
                0x0000000000000588      0x128 ./Drivers/STM32L4xx_HAL_Driver/Src/stm32l4xx_hal_pwr_ex.o
 .debug_aranges
                0x00000000000006b0       0x90 ./Drivers/STM32L4xx_HAL_Driver/Src/stm32l4xx_hal_rcc.o
 .debug_aranges
                0x0000000000000740      0x3e0 ./Drivers/STM32L4xx_HAL_Driver/Src/stm32l4xx_hal_tim.o
 .debug_aranges
                0x0000000000000b20      0x180 ./Drivers/STM32L4xx_HAL_Driver/Src/stm32l4xx_hal_tim_ex.o

.debug_ranges   0x0000000000000000      0xbb8
 .debug_ranges  0x0000000000000000       0x40 ./Core/Src/main.o
 .debug_ranges  0x0000000000000040       0x30 ./Core/Src/stm32l4xx_hal_msp.o
 .debug_ranges  0x0000000000000070       0x58 ./Core/Src/stm32l4xx_it.o
 .debug_ranges  0x00000000000000c8       0x18 ./Core/Src/system_stm32l4xx.o
 .debug_ranges  0x00000000000000e0       0x20 ./Core/Startup/startup_stm32l432kcux.o
 .debug_ranges  0x0000000000000100       0xf8 ./Drivers/STM32L4xx_HAL_Driver/Src/stm32l4xx_hal.o
 .debug_ranges  0x00000000000001f8      0x108 ./Drivers/STM32L4xx_HAL_Driver/Src/stm32l4xx_hal_cortex.o
 .debug_ranges  0x0000000000000300       0xb0 ./Drivers/STM32L4xx_HAL_Driver/Src/stm32l4xx_hal_dac.o
 .debug_ranges  0x00000000000003b0       0x78 ./Drivers/STM32L4xx_HAL_Driver/Src/stm32l4xx_hal_dac_ex.o
 .debug_ranges  0x0000000000000428       0x70 ./Drivers/STM32L4xx_HAL_Driver/Src/stm32l4xx_hal_dma.o
 .debug_ranges  0x0000000000000498       0x48 ./Drivers/STM32L4xx_HAL_Driver/Src/stm32l4xx_hal_gpio.o
 .debug_ranges  0x00000000000004e0      0x118 ./Drivers/STM32L4xx_HAL_Driver/Src/stm32l4xx_hal_pwr_ex.o
 .debug_ranges  0x00000000000005f8       0x80 ./Drivers/STM32L4xx_HAL_Driver/Src/stm32l4xx_hal_rcc.o
 .debug_ranges  0x0000000000000678      0x3d0 ./Drivers/STM32L4xx_HAL_Driver/Src/stm32l4xx_hal_tim.o
 .debug_ranges  0x0000000000000a48      0x170 ./Drivers/STM32L4xx_HAL_Driver/Src/stm32l4xx_hal_tim_ex.o

.debug_macro    0x0000000000000000    0x1eecb
 .debug_macro   0x0000000000000000      0x1d5 ./Core/Src/main.o
 .debug_macro   0x00000000000001d5      0x1a7 ./Core/Src/main.o
 .debug_macro   0x000000000000037c       0x2e ./Core/Src/main.o
 .debug_macro   0x00000000000003aa       0x28 ./Core/Src/main.o
 .debug_macro   0x00000000000003d2       0x22 ./Core/Src/main.o
 .debug_macro   0x00000000000003f4       0x8e ./Core/Src/main.o
 .debug_macro   0x0000000000000482       0x51 ./Core/Src/main.o
 .debug_macro   0x00000000000004d3      0x103 ./Core/Src/main.o
 .debug_macro   0x00000000000005d6       0x6a ./Core/Src/main.o
 .debug_macro   0x0000000000000640      0x1df ./Core/Src/main.o
 .debug_macro   0x000000000000081f       0x1c ./Core/Src/main.o
 .debug_macro   0x000000000000083b       0x22 ./Core/Src/main.o
 .debug_macro   0x000000000000085d       0xfb ./Core/Src/main.o
 .debug_macro   0x0000000000000958     0x1011 ./Core/Src/main.o
 .debug_macro   0x0000000000001969      0x11f ./Core/Src/main.o
 .debug_macro   0x0000000000001a88    0x147a6 ./Core/Src/main.o
 .debug_macro   0x000000000001622e       0x6d ./Core/Src/main.o
 .debug_macro   0x000000000001629b     0x38e6 ./Core/Src/main.o
 .debug_macro   0x0000000000019b81      0x174 ./Core/Src/main.o
 .debug_macro   0x0000000000019cf5       0x5c ./Core/Src/main.o
 .debug_macro   0x0000000000019d51     0x11ca ./Core/Src/main.o
 .debug_macro   0x000000000001af1b      0x53c ./Core/Src/main.o
 .debug_macro   0x000000000001b457      0x1b9 ./Core/Src/main.o
 .debug_macro   0x000000000001b610      0x122 ./Core/Src/main.o
 .debug_macro   0x000000000001b732      0x26b ./Core/Src/main.o
 .debug_macro   0x000000000001b99d      0x23d ./Core/Src/main.o
 .debug_macro   0x000000000001bbda      0x13e ./Core/Src/main.o
 .debug_macro   0x000000000001bd18       0xd8 ./Core/Src/main.o
 .debug_macro   0x000000000001bdf0      0x241 ./Core/Src/main.o
 .debug_macro   0x000000000001c031      0x375 ./Core/Src/main.o
 .debug_macro   0x000000000001c3a6       0xd6 ./Core/Src/main.o
 .debug_macro   0x000000000001c47c      0x122 ./Core/Src/main.o
 .debug_macro   0x000000000001c59e      0x356 ./Core/Src/main.o
 .debug_macro   0x000000000001c8f4      0xa91 ./Core/Src/main.o
 .debug_macro   0x000000000001d385      0x12d ./Core/Src/main.o
 .debug_macro   0x000000000001d4b2      0x220 ./Core/Src/main.o
 .debug_macro   0x000000000001d6d2       0x4c ./Core/Src/main.o
 .debug_macro   0x000000000001d71e      0x1cf ./Core/Src/stm32l4xx_hal_msp.o
 .debug_macro   0x000000000001d8ed      0x1d9 ./Core/Src/stm32l4xx_it.o
 .debug_macro   0x000000000001dac6      0x1c0 ./Core/Src/system_stm32l4xx.o
 .debug_macro   0x000000000001dc86      0x208 ./Drivers/STM32L4xx_HAL_Driver/Src/stm32l4xx_hal.o
 .debug_macro   0x000000000001de8e      0x1c0 ./Drivers/STM32L4xx_HAL_Driver/Src/stm32l4xx_hal_cortex.o
 .debug_macro   0x000000000001e04e      0x1cf ./Drivers/STM32L4xx_HAL_Driver/Src/stm32l4xx_hal_dac.o
 .debug_macro   0x000000000001e21d      0x1c0 ./Drivers/STM32L4xx_HAL_Driver/Src/stm32l4xx_hal_dac_ex.o
 .debug_macro   0x000000000001e3dd      0x1c0 ./Drivers/STM32L4xx_HAL_Driver/Src/stm32l4xx_hal_dma.o
 .debug_macro   0x000000000001e59d      0x1c7 ./Drivers/STM32L4xx_HAL_Driver/Src/stm32l4xx_hal_gpio.o
 .debug_macro   0x000000000001e764      0x1e4 ./Drivers/STM32L4xx_HAL_Driver/Src/stm32l4xx_hal_pwr_ex.o
 .debug_macro   0x000000000001e948      0x202 ./Drivers/STM32L4xx_HAL_Driver/Src/stm32l4xx_hal_rcc.o
 .debug_macro   0x000000000001eb4a      0x1c1 ./Drivers/STM32L4xx_HAL_Driver/Src/stm32l4xx_hal_tim.o
 .debug_macro   0x000000000001ed0b      0x1c0 ./Drivers/STM32L4xx_HAL_Driver/Src/stm32l4xx_hal_tim_ex.o

.debug_line     0x0000000000000000     0xd2ee
 .debug_line    0x0000000000000000      0x848 ./Core/Src/main.o
 .debug_line    0x0000000000000848      0x768 ./Core/Src/stm32l4xx_hal_msp.o
 .debug_line    0x0000000000000fb0      0x79d ./Core/Src/stm32l4xx_it.o
 .debug_line    0x000000000000174d      0x75a ./Core/Src/system_stm32l4xx.o
 .debug_line    0x0000000000001ea7       0x88 ./Core/Startup/startup_stm32l432kcux.o
 .debug_line    0x0000000000001f2f      0xa1f ./Drivers/STM32L4xx_HAL_Driver/Src/stm32l4xx_hal.o
 .debug_line    0x000000000000294e      0xc59 ./Drivers/STM32L4xx_HAL_Driver/Src/stm32l4xx_hal_cortex.o
 .debug_line    0x00000000000035a7      0xb8b ./Drivers/STM32L4xx_HAL_Driver/Src/stm32l4xx_hal_dac.o
 .debug_line    0x0000000000004132      0x9b8 ./Drivers/STM32L4xx_HAL_Driver/Src/stm32l4xx_hal_dac_ex.o
 .debug_line    0x0000000000004aea      0xc91 ./Drivers/STM32L4xx_HAL_Driver/Src/stm32l4xx_hal_dma.o
 .debug_line    0x000000000000577b      0xaa9 ./Drivers/STM32L4xx_HAL_Driver/Src/stm32l4xx_hal_gpio.o
 .debug_line    0x0000000000006224      0xbb1 ./Drivers/STM32L4xx_HAL_Driver/Src/stm32l4xx_hal_pwr_ex.o
 .debug_line    0x0000000000006dd5      0xf6a ./Drivers/STM32L4xx_HAL_Driver/Src/stm32l4xx_hal_rcc.o
 .debug_line    0x0000000000007d3f     0x3aef ./Drivers/STM32L4xx_HAL_Driver/Src/stm32l4xx_hal_tim.o
 .debug_line    0x000000000000b82e     0x1ac0 ./Drivers/STM32L4xx_HAL_Driver/Src/stm32l4xx_hal_tim_ex.o

.debug_str      0x0000000000000000    0xc21a6
 .debug_str     0x0000000000000000    0xbf3d4 ./Core/Src/main.o
                                      0xbf791 (size before relaxing)
 .debug_str     0x00000000000bf3d4       0xb5 ./Core/Src/stm32l4xx_hal_msp.o
                                      0xbef78 (size before relaxing)
 .debug_str     0x00000000000bf489       0xf5 ./Core/Src/stm32l4xx_it.o
                                      0xbe959 (size before relaxing)
 .debug_str     0x00000000000bf57e       0xf2 ./Core/Src/system_stm32l4xx.o
                                      0xbe7bd (size before relaxing)
 .debug_str     0x00000000000bf670       0x36 ./Core/Startup/startup_stm32l432kcux.o
                                         0xb1 (size before relaxing)
 .debug_str     0x00000000000bf6a6      0x564 ./Drivers/STM32L4xx_HAL_Driver/Src/stm32l4xx_hal.o
                                      0xbf14a (size before relaxing)
 .debug_str     0x00000000000bfc0a      0x331 ./Drivers/STM32L4xx_HAL_Driver/Src/stm32l4xx_hal_cortex.o
                                      0xbeeeb (size before relaxing)
 .debug_str     0x00000000000bff3b      0x24a ./Drivers/STM32L4xx_HAL_Driver/Src/stm32l4xx_hal_dac.o
                                      0xbec86 (size before relaxing)
 .debug_str     0x00000000000c0185      0x192 ./Drivers/STM32L4xx_HAL_Driver/Src/stm32l4xx_hal_dac_ex.o
                                      0xbebb5 (size before relaxing)
 .debug_str     0x00000000000c0317      0x212 ./Drivers/STM32L4xx_HAL_Driver/Src/stm32l4xx_hal_dma.o
                                      0xbea24 (size before relaxing)
 .debug_str     0x00000000000c0529      0x110 ./Drivers/STM32L4xx_HAL_Driver/Src/stm32l4xx_hal_gpio.o
                                      0xbe931 (size before relaxing)
 .debug_str     0x00000000000c0639      0x44e ./Drivers/STM32L4xx_HAL_Driver/Src/stm32l4xx_hal_pwr_ex.o
                                      0xbec65 (size before relaxing)
 .debug_str     0x00000000000c0a87      0x38c ./Drivers/STM32L4xx_HAL_Driver/Src/stm32l4xx_hal_rcc.o
                                      0xbedbd (size before relaxing)
 .debug_str     0x00000000000c0e13      0xe0b ./Drivers/STM32L4xx_HAL_Driver/Src/stm32l4xx_hal_tim.o
                                      0xbfaea (size before relaxing)
 .debug_str     0x00000000000c1c1e      0x588 ./Drivers/STM32L4xx_HAL_Driver/Src/stm32l4xx_hal_tim_ex.o
                                      0xbf40e (size before relaxing)

.comment        0x0000000000000000       0x50
 .comment       0x0000000000000000       0x50 ./Core/Src/main.o
                                         0x51 (size before relaxing)
 .comment       0x0000000000000050       0x51 ./Core/Src/stm32l4xx_hal_msp.o
 .comment       0x0000000000000050       0x51 ./Core/Src/stm32l4xx_it.o
 .comment       0x0000000000000050       0x51 ./Core/Src/system_stm32l4xx.o
 .comment       0x0000000000000050       0x51 ./Drivers/STM32L4xx_HAL_Driver/Src/stm32l4xx_hal.o
 .comment       0x0000000000000050       0x51 ./Drivers/STM32L4xx_HAL_Driver/Src/stm32l4xx_hal_cortex.o
 .comment       0x0000000000000050       0x51 ./Drivers/STM32L4xx_HAL_Driver/Src/stm32l4xx_hal_dac.o
 .comment       0x0000000000000050       0x51 ./Drivers/STM32L4xx_HAL_Driver/Src/stm32l4xx_hal_dac_ex.o
 .comment       0x0000000000000050       0x51 ./Drivers/STM32L4xx_HAL_Driver/Src/stm32l4xx_hal_dma.o
 .comment       0x0000000000000050       0x51 ./Drivers/STM32L4xx_HAL_Driver/Src/stm32l4xx_hal_gpio.o
 .comment       0x0000000000000050       0x51 ./Drivers/STM32L4xx_HAL_Driver/Src/stm32l4xx_hal_pwr_ex.o
 .comment       0x0000000000000050       0x51 ./Drivers/STM32L4xx_HAL_Driver/Src/stm32l4xx_hal_rcc.o
 .comment       0x0000000000000050       0x51 ./Drivers/STM32L4xx_HAL_Driver/Src/stm32l4xx_hal_tim.o
 .comment       0x0000000000000050       0x51 ./Drivers/STM32L4xx_HAL_Driver/Src/stm32l4xx_hal_tim_ex.o

.debug_frame    0x0000000000000000     0x344c
 .debug_frame   0x0000000000000000       0xfc ./Core/Src/main.o
 .debug_frame   0x00000000000000fc       0xd0 ./Core/Src/stm32l4xx_hal_msp.o
 .debug_frame   0x00000000000001cc      0x120 ./Core/Src/stm32l4xx_it.o
 .debug_frame   0x00000000000002ec       0x58 ./Core/Src/system_stm32l4xx.o
 .debug_frame   0x0000000000000344      0x3dc ./Drivers/STM32L4xx_HAL_Driver/Src/stm32l4xx_hal.o
 .debug_frame   0x0000000000000720      0x498 ./Drivers/STM32L4xx_HAL_Driver/Src/stm32l4xx_hal_cortex.o
 .debug_frame   0x0000000000000bb8      0x338 ./Drivers/STM32L4xx_HAL_Driver/Src/stm32l4xx_hal_dac.o
 .debug_frame   0x0000000000000ef0      0x234 ./Drivers/STM32L4xx_HAL_Driver/Src/stm32l4xx_hal_dac_ex.o
 .debug_frame   0x0000000000001124      0x204 ./Drivers/STM32L4xx_HAL_Driver/Src/stm32l4xx_hal_dma.o
 .debug_frame   0x0000000000001328      0x14c ./Drivers/STM32L4xx_HAL_Driver/Src/stm32l4xx_hal_gpio.o
 .debug_frame   0x0000000000001474      0x4a4 ./Drivers/STM32L4xx_HAL_Driver/Src/stm32l4xx_hal_pwr_ex.o
 .debug_frame   0x0000000000001918      0x21c ./Drivers/STM32L4xx_HAL_Driver/Src/stm32l4xx_hal_rcc.o
 .debug_frame   0x0000000000001b34     0x121c ./Drivers/STM32L4xx_HAL_Driver/Src/stm32l4xx_hal_tim.o
 .debug_frame   0x0000000000002d50      0x6b0 ./Drivers/STM32L4xx_HAL_Driver/Src/stm32l4xx_hal_tim_ex.o
 .debug_frame   0x0000000000003400       0x2c c:/st/stm32cubeide_1.12.1/stm32cubeide/plugins/com.st.stm32cube.ide.mcu.externaltools.gnu-tools-for-stm32.10.3-2021.10.win32_1.0.200.202301161003/tools/bin/../lib/gcc/arm-none-eabi/10.3.1/../../../../arm-none-eabi/lib/thumb/v7e-m+fp/hard\libc_nano.a(lib_a-init.o)
 .debug_frame   0x000000000000342c       0x20 c:/st/stm32cubeide_1.12.1/stm32cubeide/plugins/com.st.stm32cube.ide.mcu.externaltools.gnu-tools-for-stm32.10.3-2021.10.win32_1.0.200.202301161003/tools/bin/../lib/gcc/arm-none-eabi/10.3.1/../../../../arm-none-eabi/lib/thumb/v7e-m+fp/hard\libc_nano.a(lib_a-memset.o)
